
[1m[46m RUN [49m[22m [36mv4.0.17 [39m[90mD:/TrangHoaMgmt[39m

 [32mΓ£ô[39m tests/security.test.ts[2m > [22mSecurity Tests[2m > [22m[C1 + M1] Auth State Verification[2m > [22mkh├┤ng n├¬n tin role tß╗½ localStorage[32m 2[2mms[22m[39m
 [32mΓ£ô[39m tests/security.test.ts[2m > [22mSecurity Tests[2m > [22m[C1 + M1] Auth State Verification[2m > [22mchß╗ë n├¬n lß║Ñy station tß╗½ localStorage[32m 0[2mms[22m[39m
 [32mΓ£ô[39m tests/security.test.ts[2m > [22mSecurity Tests[2m > [22m[H2] IDOR - Ownership Check[2m > [22mSTAFF kh├┤ng n├¬n sß╗¡a ─æ╞░ß╗úc order cß╗ºa ng╞░ß╗¥i kh├íc[32m 1[2mms[22m[39m
 [32mΓ£ô[39m tests/security.test.ts[2m > [22mSecurity Tests[2m > [22m[H2] IDOR - Ownership Check[2m > [22mSTAFF n├¬n sß╗¡a ─æ╞░ß╗úc order cß╗ºa ch├¡nh m├¼nh (trong ng├áy)[32m 0[2mms[22m[39m
 [32mΓ£ô[39m tests/security.test.ts[2m > [22mSecurity Tests[2m > [22m[H2] IDOR - Ownership Check[2m > [22mADMIN n├¬n sß╗¡a ─æ╞░ß╗úc mß╗ìi order[32m 0[2mms[22m[39m
 [32mΓ£ô[39m tests/security.test.ts[2m > [22mSecurity Tests[2m > [22m[H3] Input Validation[2m > [22mn├¬n reject email kh├┤ng hß╗úp lß╗ç[32m 1[2mms[22m[39m
 [32mΓ£ô[39m tests/security.test.ts[2m > [22mSecurity Tests[2m > [22m[H3] Input Validation[2m > [22mn├¬n accept email hß╗úp lß╗ç[32m 0[2mms[22m[39m
 [32mΓ£ô[39m tests/security.test.ts[2m > [22mSecurity Tests[2m > [22m[H3] Input Validation[2m > [22mn├¬n reject password ngß║»n h╞ín 8 k├╜ tß╗▒[32m 0[2mms[22m[39m
 [32mΓ£ô[39m tests/security.test.ts[2m > [22mSecurity Tests[2m > [22m[H3] Input Validation[2m > [22mn├¬n reject role kh├┤ng hß╗úp lß╗ç[32m 0[2mms[22m[39m
 [32mΓ£ô[39m tests/security.test.ts[2m > [22mSecurity Tests[2m > [22m[H3] Input Validation[2m > [22mn├¬n sanitize inputs[32m 0[2mms[22m[39m
 [32mΓ£ô[39m tests/integration.test.ts[2m > [22mIntegration Tests[2m > [22mOrder Creation Workflow[2m > [22mworkflow tß║ío ─æ╞ín h├áng mß╗¢i[32m 2[2mms[22m[39m
 [32mΓ£ô[39m tests/integration.test.ts[2m > [22mIntegration Tests[2m > [22mEmployee Management Workflow[2m > [22mworkflow Admin tß║ío nh├ón vi├¬n mß╗¢i[32m 2[2mms[22m[39m
 [32mΓ£ô[39m tests/integration.test.ts[2m > [22mIntegration Tests[2m > [22mEmployee Management Workflow[2m > [22mworkflow x├│a nh├ón vi├¬n[32m 0[2mms[22m[39m
 [32mΓ£ô[39m tests/integration.test.ts[2m > [22mIntegration Tests[2m > [22mAuth State Management Workflow[2m > [22mworkflow login v├á verify role[32m 0[2mms[22m[39m
 [32mΓ£ô[39m tests/integration.test.ts[2m > [22mIntegration Tests[2m > [22mAuth State Management Workflow[2m > [22mworkflow refresh page - verify auth state[32m 0[2mms[22m[39m
 [32mΓ£ô[39m tests/integration.test.ts[2m > [22mIntegration Tests[2m > [22mOrder Edit Permission Workflow[2m > [22mworkflow STAFF edit own order[32m 0[2mms[22m[39m
 [32mΓ£ô[39m tests/integration.test.ts[2m > [22mIntegration Tests[2m > [22mOrder Edit Permission Workflow[2m > [22mworkflow STAFF try to edit others order[32m 0[2mms[22m[39m
 [32mΓ£ô[39m tests/business-logic.test.ts[2m > [22mBusiness Logic Tests[2m > [22mgenerateOrderCode[2m > [22mn├¬n sinh m├ú ─æ╞ín h├áng vß╗¢i format VD + 4 sß╗æ[32m 3[2mms[22m[39m
 [32mΓ£ô[39m tests/business-logic.test.ts[2m > [22mBusiness Logic Tests[2m > [22mgenerateOrderCode[2m > [22mm├ú ─æ╞ín n├¬n nß║▒m trong khoß║úng VD1000 - VD9999[32m 1[2mms[22m[39m
 [32mΓ£ô[39m tests/business-logic.test.ts[2m > [22mBusiness Logic Tests[2m > [22mgenerateOrderCode[2m > [22mn├¬n sinh m├ú kh├íc nhau mß╗ùi lß║ºn[32m 1[2mms[22m[39m
 [32mΓ£ô[39m tests/business-logic.test.ts[2m > [22mBusiness Logic Tests[2m > [22misEditable[2m > [22m─æ╞ín h├áng h├┤m nay n├¬n editable[32m 1[2mms[22m[39m
 [32mΓ£ô[39m tests/business-logic.test.ts[2m > [22mBusiness Logic Tests[2m > [22misEditable[2m > [22m─æ╞ín h├áng h├┤m qua KH├öNG editable[32m 0[2mms[22m[39m
 [32mΓ£ô[39m tests/business-logic.test.ts[2m > [22mBusiness Logic Tests[2m > [22misEditable[2m > [22m─æ╞ín h├áng kh├┤ng c├│ createdAt KH├öNG editable[32m 0[2mms[22m[39m
 [32mΓ£ô[39m tests/business-logic.test.ts[2m > [22mBusiness Logic Tests[2m > [22misEditable[2m > [22m─æ╞ín h├áng null/undefined KH├öNG editable[32m 1[2mms[22m[39m
 [32mΓ£ô[39m tests/business-logic.test.ts[2m > [22mBusiness Logic Tests[2m > [22mOrder Validation[2m > [22m─æ╞ín h├áng hß╗úp lß╗ç phß║úi c├│ senderName, senderPhone, cost[32m 0[2mms[22m[39m
 [32mΓ£ô[39m tests/business-logic.test.ts[2m > [22mBusiness Logic Tests[2m > [22mOrder Validation[2m > [22mcost phß║úi l├á sß╗æ d╞░╞íng[32m 1[2mms[22m[39m
 [32mΓ£ô[39m tests/business-logic.test.ts[2m > [22mBusiness Logic Tests[2m > [22mOrder Validation[2m > [22mquantity phß║úi >= 1[32m 0[2mms[22m[39m
 [32mΓ£ô[39m tests/business-logic.test.ts[2m > [22mBusiness Logic Tests[2m > [22mRole-Based Authorization[2m > [22mADMIN c├│ full quyß╗ün[32m 0[2mms[22m[39m
 [32mΓ£ô[39m tests/business-logic.test.ts[2m > [22mBusiness Logic Tests[2m > [22mRole-Based Authorization[2m > [22mMANAGER c├│ quyß╗ün sß╗¡a mß╗ìi order nh╞░ng kh├┤ng x├│a[32m 0[2mms[22m[39m
 [32mΓ£ô[39m tests/business-logic.test.ts[2m > [22mBusiness Logic Tests[2m > [22mRole-Based Authorization[2m > [22mSTAFF chß╗ë sß╗¡a order cß╗ºa m├¼nh trong ng├áy[32m 0[2mms[22m[39m
 [32mΓ£ô[39m tests/business-logic.test.ts[2m > [22mBusiness Logic Tests[2m > [22mStation Logic[2m > [22mn├¬n c├│ 3 trß║ím: HT, PA, SG[32m 1[2mms[22m[39m
 [32mΓ£ô[39m tests/business-logic.test.ts[2m > [22mBusiness Logic Tests[2m > [22mStation Logic[2m > [22mtuyß║┐n vß║¡n chuyß╗ân phß║úi kh├íc trß║ím gß╗¡i v├á nhß║¡n[32m 0[2mms[22m[39m

[2m Test Files [22m [1m[32m3 passed[39m[22m[90m (3)[39m
[2m      Tests [22m [1m[32m32 passed[39m[22m[90m (32)[39m
[2m   Start at [22m 18:53:09
[2m   Duration [22m 1.82s[2m (transform 239ms, setup 846ms, import 348ms, tests 30ms, environment 2.84s)[22m

